


ARM Macro Assembler    Page 1 


    1 00000000         ;*------------------------------------------------------
                       -------------
    2 00000000         ;* Name:     lab_4_program.s 
    3 00000000         ;* Purpose:  A sample style for lab-4
    4 00000000         ;* Term:  Winter 2013
    5 00000000         ;*------------------------------------------------------
                       -------------
    6 00000000         ;R5 is our counter bit placed in delay
    7 00000000         ;R6 is our flag that we went into delay
    8 00000000         
    9 00000000                 THUMB                        ; Declare THUMB ins
                                                            truction set 
   10 00000000                 AREA             My_code, CODE, READONLY ; 
   11 00000000                 EXPORT           __MAIN      ; Label __MAIN is u
                                                            sed externally 
   12 00000000         ;EXPORT   EINT3_IRQHandler   ; The ISR will be known to 
                       the startup_LPC17xx.s program 
   13 00000000         
   14 00000000                 ENTRY
   15 00000000         
   16 00000000         __MAIN
   17 00000000         
   18 00000000         ; The following lines are similar to previous labs.
   19 00000000         ; They just turn off all LEDs 
   20 00000000         ; LDR   R10, =LED_BASE_ADR  ; R10 is a  pointer to the b
                       ase address for the LEDs
   21 00000000         ; MOV   R3, #0xB0000000  ; Turn off three LEDs on port 1
                         
   22 00000000         ; STR   R3, [r10, #0x20]
   23 00000000         ; MOV   R3, #0x4
   24 00000000         ; STR   R3, [R10, #0x40]  ; Turn ON the left 4 LEDs on p
                       ort 2
   25 00000000         
   26 00000000         ; MOV   R6, #0x00 
   27 00000000         ; STRB  R6, [R10,#0x41]  ;P2.10 = 0 initiates it for inp
                       ut 
   28 00000000         
   29 00000000 4C5A            LDR              R4, =ISER0
   30 00000002 F44F 1800       MOV              R8, #0x200000
   31 00000006 F8C4 8000       STR              R8, [R4]    ;sets the 21st bit 
                                                            of ISER0 to enable 
                                                            EINT3
   32 0000000A         
   33 0000000A 4C59            LDR              R4, =IO2IntEnf
   34 0000000C F44F 6880       MOV              R8, #0x400
   35 00000010 F8C4 8000       STR              R8, [R4]    ;sets the 10th bit 
                                                            of IO2IntEnf to ena
                                                            ble the falling edg
                                                            e interrupt of the 
                                                            
   36 00000014         ;push button
   37 00000014         
   38 00000014         ; This line is very important in your main program
   39 00000014         ; Initializes R11 to a 16-bit non-zero value and NOTHING
                        else can write to R11 !!
   40 00000014 F64A 3BCD       MOV              R11, #0xABCD ; Init the random 
                                                            number generator wi
                                                            th a non-zero numbe
                                                            r 



ARM Macro Assembler    Page 2 


   41 00000018         
   42 00000018         
   43 00000018 F000 F84C 
                       LOOP    BL               RNG
   44 0000001C         
   45 0000001C F04F 0601       MOV              R6,#0x1     ;setting the flag
   46 00000020         
   47 00000020         
   48 00000020 F04F 0500       MOV              R5,#0x0     ;RESETS THE 32-COUN
                                                            TER
   49 00000024 F04F 0400       MOV              R4,#0x0     ;resets R4 to zero
   50 00000028 F36B 0403       BFI              R4, R11, #0, #4 ; Replace bit 0
                                                             to bit 4 (5 bits) 
                                                            of R4 with bits fro
                                                            m the random number
                                                             (R11)
   51 0000002C         ;lowest possible number is 1 (0.5 seconds)
   52 0000002C F104 0403       ADD              R4,#0x3     ;runs the loop 3 ti
                                                            mes (1.5 seconds)
   53 00000030         ;therefore 2 seconds guarenteed
   54 00000030         
   55 00000030 F04F 00FA 
                       OnOffLoop
                               MOV              R0,#0xFA    ; Runs the delay fo
                                                            r 0.25 second delay
                                                            
   56 00000034 F000 F85A       BL               DELAY
   57 00000038 F06F 4330       MOV              R3, #0x4FFFFFFF ; Turns ON thre
                                                            e LEDs on port 1  
   58 0000003C F8CA 3020       STR              R3, [r10, #0x20]
   59 00000040 F04F 03FB       MOV              R3, #0xFB
   60 00000044 F8CA 3040       STR              R3, [R10, #0x40] ; Turn OFF the
                                                             left 3 LEDs on por
                                                            t 2
   61 00000048 F04F 00FA       MOV              R0,#0xFA    ; Runs the delay fo
                                                            r 0.25 second delay
                                                            
   62 0000004C F000 F84E       BL               DELAY
   63 00000050 F04F 4330       MOV              R3, #0xB0000000 ; Turn off thre
                                                            e LEDs on port 1  
   64 00000054 F8CA 3020       STR              R3, [r10, #0x20]
   65 00000058 F04F 0304       MOV              R3, #0x4
   66 0000005C F8CA 3040       STR              R3, [R10, #0x40] ; Turn ON the 
                                                            left 4 LEDs on port
                                                             2
   67 00000060 3C01            SUBS             R4,#0x1
   68 00000062 D1E5            BNE              OnOffLoop
   69 00000064         
   70 00000064         
   71 00000064         
   72 00000064 F8DA 3020       LDR              R3, [r10, #0x20] ;Grabs the Por
                                                            t 1 values 
   73 00000068 F06F 4830       MOV              R8, #0x4FFFFFFF
   74 0000006C EA08 0803       AND              R8,R3       ;Sets the appropria
                                                            te LED bits to 0 in
                                                             PORT 1
   75 00000070 F8CA 8020       STR              R8, [r10, #0x20]
   76 00000074         
   77 00000074         



ARM Macro Assembler    Page 3 


   78 00000074 F8DA 3040       LDR              R3, [r10, #0x40] ;Grabs the Por
                                                            t 2 values 
   79 00000078 F06F 097C       MOV              R9, #0xFFFFFF83
   80 0000007C EA09 0903       AND              R9,R3       ;Sets the appropria
                                                            te LED bits to 0 in
                                                             PORT 2
   81 00000080 F8CA 9040       STR              R9, [r10, #0x40]
   82 00000084         
   83 00000084         
   84 00000084         
   85 00000084         HIGH                                 ;high frequency fla
                                                            shing loop 
   86 00000084         
   87 00000084 F8CA 8020       STR              R8, [r10, #0x20] ;SETS THE LEDS
                                                            
   88 00000088 F8CA 9040       STR              R9, [R10, #0x40]
   89 0000008C         
   90 0000008C F04F 0720       MOV              R7,#0x20    ;creates a 32ms del
                                                            ay for high frequen
                                                            cy flashing
   91 00000090 F105 0501 
                       OnOffDelay
                               ADD              R5,#0x1
   92 00000094 F04F 0001       MOV              R0,#0x1
   93 00000098 F000 F828       BL               DELAY
   94 0000009C 3F01            SUBS             R7,#0x1
   95 0000009E D1F7            BNE              OnOffDelay
   96 000000A0         
   97 000000A0         ;after 32ms
   98 000000A0 F088 4830       EOR              R8,#0xB0000000 ;ONLY Flips LED 
                                                            bits to turn off/on
                                                             the LEDs for PORT 
                                                            1
   99 000000A4 F089 097C       EOR              R9,#0x7C    ;ONLY Flips LED bit
                                                            s to turn off/on th
                                                            e LEDs for PORT 2 
  100 000000A8 F096 0F00       TEQ              R6,#0
  101 000000AC D1EA            BNE              HIGH
  102 000000AE         ;ONLY GETS OUT AFTER GOING TO INTERUPT
  103 000000AE         ;display bits
  104 000000AE F000 F82A       BL               DISPLAY_NUM
  105 000000B2         
  106 000000B2 E7B1            B                LOOP
  107 000000B4         
  108 000000B4         
  109 000000B4         
  110 000000B4         ;
  111 000000B4         ; Your main program can appear here 
  112 000000B4         ;
  113 000000B4         
  114 000000B4         
  115 000000B4         
  116 000000B4         ;*------------------------------------------------------
                       ------------- 
  117 000000B4         ; Subroutine RNG ... Generates a pseudo-Random Number in
                        R11 
  118 000000B4         ;*------------------------------------------------------
                       ------------- 
  119 000000B4         ; R11 holds a random number as per the Linear feedback s



ARM Macro Assembler    Page 4 


                       hift register (Fibonacci) on WikiPedia
  120 000000B4         ; R11 MUST be initialized to a non-zero 16-bit value at 
                       the start of the program
  121 000000B4         ; R11 can be read anywhere in the code but must only be 
                       written to by this subroutine
  122 000000B4 B50E    RNG     STMFD            R13!,{R1-R3, R14} ; Random Numb
                                                            er Generator 
  123 000000B6 F40B 4100       AND              R1, R11, #0x8000
  124 000000BA F40B 5200       AND              R2, R11, #0x2000
  125 000000BE EA4F 0282       LSL              R2, #2
  126 000000C2 EA81 0302       EOR              R3, R1, R2
  127 000000C6 F40B 5180       AND              R1, R11, #0x1000
  128 000000CA EA4F 01C1       LSL              R1, #3
  129 000000CE EA83 0301       EOR              R3, R3, R1
  130 000000D2 F40B 6180       AND              R1, R11, #0x0400
  131 000000D6 EA4F 1141       LSL              R1, #5
  132 000000DA EA83 0301       EOR              R3, R3, R1  ; The new bit to go
                                                             into the LSB is pr
                                                            esent
  133 000000DE EA4F 33D3       LSR              R3, #15
  134 000000E2 EA4F 0B4B       LSL              R11, #1
  135 000000E6 EA4B 0B03       ORR              R11, R11, R3
  136 000000EA BD0E            LDMFD            R13!,{R1-R3, R15}
  137 000000EC         
  138 000000EC         ;*------------------------------------------------------
                       ------------- 
  139 000000EC         ; Subroutine DELAY ... Causes a delay of 1ms * R0 times
  140 000000EC         ;*------------------------------------------------------
                       ------------- 
  141 000000EC         ;   aim for better than 10% accuracy
  142 000000EC B504    DELAY   STMFD            R13!,{R2, R14}
  143 000000EE         
  144 000000EE         OUTERDELAY
  145 000000EE F090 0F00       TEQ              R0,#0x0
  146 000000F2 D007            BEQ              exitDelay
  147 000000F4         
  148 000000F4 F240 5214       MOV              R2,#0x0514  ; R2 is counter for
                                                             the 1ms delay
  149 000000F8         
  150 000000F8 F2C0 0200       MOVT             R2,#0x0000
  151 000000FC         MULTIPLEDELAY
  152 000000FC         
  153 000000FC         
  154 000000FC         
  155 000000FC 3A01            SUBS             R2,#1
  156 000000FE D1FD            BNE              MULTIPLEDELAY
  157 00000100         
  158 00000100         
  159 00000100         
  160 00000100 3801            SUBS             R0,#1
  161 00000102 D1F4            BNE              OUTERDELAY
  162 00000104         
  163 00000104 BD04    exitDelay
                               LDMFD            R13!,{R2, R15}
  164 00000106         
  165 00000106         ;*------------------------------------------------------
                       ------------- 
  166 00000106         ; Interrupt Service Routine (ISR) for EINT3_IRQHandler 
  167 00000106         ;*------------------------------------------------------



ARM Macro Assembler    Page 5 


                       ------------- 
  168 00000106         ; This ISR handles the interrupt triggered when the INT0
                        push-button is pressed 
  169 00000106         ; with the assumption that the interrupt activation is d
                       one in the main program
  170 00000106         ; EINT3_IRQHandler  PROC 
  171 00000106         ; STMFD   R13!,{R0,R1,R2,R3,R14}     ; Use this command 
                       if you need it  
  172 00000106         ; ;
  173 00000106         ; ; Code that handles the interrupt 
  174 00000106         ; ;
  175 00000106         ; LDMFD   R13!,{R0,R1,R2,R3,R15}     ; Use this command 
                       if you used STMFD (otherwise use BX LR) 
  176 00000106         ; ENDP
  177 00000106         
  178 00000106         
  179 00000106 B506    DISPLAY_NUM
                               STMFD            R13!,{R1, R2, R14}
  180 00000108 462B    loopDisplaySTART
                               MOV              R3,R5
  181 0000010A F04F 0000 
                       loopDisplay
                               MOV              R0,#0x0
  182 0000010E F04F 0100       MOV              R1,#0x0
  183 00000112 F04F 0200       MOV              R2,#0x0
  184 00000116 F04F 0400       MOV              R4,#0x0
  185 0000011A         
  186 0000011A F363 0407       BFI              R4, R3, #0, #8 ; Replace bit 0 
                                                            to bit 7 (8 bits) o
                                                            f R5 with
  187 0000011E         ; bit 0 to bit 7 from R3
  188 0000011E         
  189 0000011E F364 0204       BFI              R2, R4, #0, #5 ;P2 ORDER: 2,3,4
                                                            ,5,6. Take the firs
                                                            t 5 bits and store 
                                                            it in R2
  190 00000122         
  191 00000122 EA4F 1454       LSR              R4, R4, #5  ;shifting the 5 bit
                                                            s that are put into
                                                             R2
  192 00000126 F364 0102       BFI              R1, R4, #0, #3 ;P1 ORDER: 28,29
                                                            ,31. Take the MSB 3
                                                             bits and store it 
                                                            in R1
  193 0000012A         
  194 0000012A         
  195 0000012A FA91 F1A1       RBIT             R1, R1      ; Reverse the order
                                                             of bits in R1 (P1 
                                                            ORDER: 31,29,28)
  196 0000012E FA92 F2A2       RBIT             R2, R2      ; Reverse the order
                                                             of the bits in R2 
                                                            (P2 ORDER: 6,5,4,3,
                                                            2,1)
  197 00000132         
  198 00000132 EA4F 0151       LSR              R1, R1, #1  ; Shift R1 bits to 
                                                            the right by 1 bit 
                                                            (31st bit is now at
                                                             30th bit location)
                                                            



ARM Macro Assembler    Page 6 


  199 00000136 EA4F 6252       LSR              R2, R2, #25 ; Shift R2 bits to 
                                                            the right by 26 bit
                                                            s 
  200 0000013A         
  201 0000013A F101 4180       ADD              R1,#0x40000000 ; ADDS 1 to the 
                                                            30th bit to brings 
                                                            the ("31st" bit to 
                                                            the 31st location)
  202 0000013E         
  203 0000013E F081 31FF       EOR              R1,#0xFFFFFFFF ;0 becomes 1 and
                                                             1 becomes 0: Regis
                                                            ter for Port 1 is c
                                                            omplete
  204 00000142 F082 32FF       EOR              R2,#0xFFFFFFFF ;0 becomes 1 and
                                                             1 becomes 0: Regis
                                                            ter for Port 2 comp
                                                            lete
  205 00000146         
  206 00000146 F8CA 1020       STR              R1, [r10, #0x20]
  207 0000014A F8CA 2040       STR              R2, [R10, #0x40]
  208 0000014E         
  209 0000014E         
  210 0000014E F44F 60FA       MOV              R0,#0x000007D0 ;2 second delay 
                                                            between every 8 bit
                                                            s
  211 00000152 F7FF FFCB       BL               DELAY
  212 00000156 EA4F 2313       LSR              R3, R3, #8  ;shifting the count
                                                            er by 8 bits after 
                                                            the bits are taken
  213 0000015A F093 0F00       TEQ              R3,#0x0     ;CHECK IF THERE IS 
                                                            A POINT IN DISPLAYI
                                                            NG THE REST OF THE 
                                                            BITS
  214 0000015E D1D4            BNE              loopDisplay
  215 00000160         ;AFTER SHOWING 32 BITS
  216 00000160         ;Show a 3 second delay
  217 00000160         
  218 00000160 F241 3088       MOV              R0,#0x00001388 ;5 second delay 
                                                            after showing 32 bi
                                                            ts
  219 00000164 F7FF FFC2       BL               DELAY
  220 00000168         
  221 00000168         
  222 00000168         
  223 00000168 BD06    exitDisplay
                               LDMFD            R13!,{R1, R2, R15}
  224 0000016A         
  225 0000016A         
  226 0000016A         
  227 0000016A         
  228 0000016A         
  229 0000016A         
  230 0000016A         
  231 0000016A         ;*------------------------------------------------------
                       -------------
  232 0000016A         ; Below is a list of useful registers with their respect
                       ive memory addresses.
  233 0000016A         ;*------------------------------------------------------
                       ------------- 



ARM Macro Assembler    Page 7 


  234 0000016A 2009C000 
                       LED_BASE_ADR
                               EQU              0x2009c000  ; Base address of t
                                                            he memory that cont
                                                            rols the LEDs 
  235 0000016A 4002C00C 
                       PINSEL3 EQU              0x4002C00C  ; Pin Select Regist
                                                            er 3 for P1[31:16]
  236 0000016A 4002C010 
                       PINSEL4 EQU              0x4002C010  ; Pin Select Regist
                                                            er 4 for P2[15:0]
  237 0000016A 2009C020 
                       FIO1DIR EQU              0x2009C020  ; Fast Input Output
                                                             Direction Register
                                                             for Port 1 
  238 0000016A 2009C040 
                       FIO2DIR EQU              0x2009C040  ; Fast Input Output
                                                             Direction Register
                                                             for Port 2 
  239 0000016A 2009C038 
                       FIO1SET EQU              0x2009C038  ; Fast Input Output
                                                             Set Register for P
                                                            ort 1 
  240 0000016A 2009C058 
                       FIO2SET EQU              0x2009C058  ; Fast Input Output
                                                             Set Register for P
                                                            ort 2 
  241 0000016A 2009C03C 
                       FIO1CLR EQU              0x2009C03C  ; Fast Input Output
                                                             Clear Register for
                                                             Port 1 
  242 0000016A 2009C05C 
                       FIO2CLR EQU              0x2009C05C  ; Fast Input Output
                                                             Clear Register for
                                                             Port 2 
  243 0000016A 400280B4 
                       IO2IntEnf
                               EQU              0x400280B4  ; GPIO Interrupt En
                                                            able for port 2 Fal
                                                            ling Edge 
  244 0000016A E000E100 
                       ISER0   EQU              0xE000E100  ; Interrupt Set-Ena
                                                            ble Register 0
  245 0000016A         
  246 0000016A 400280AC 
                       IO2IntClr
                               EQU              0x400280AC  ; GPIO Interrupt cl
                                                            ear Port 2 set 10th
                                                             bit to 1
  247 0000016A         
  248 0000016A         
  249 0000016A 00 00           ALIGN
  250 0000016C         
  251 0000016C                 END
              E000E100 
              400280B4 
Command Line: --debug --xref --cpu=Cortex-M3 --apcs=interwork --depend=lab4_tem
plate.d -olab4_template.o -IC:\Software\Keil\ARM\RV31\INC -IC:\Software\Keil\AR
M\CMSIS\Include -IC:\Software\Keil\ARM\Inc\NXP\LPC17xx --list=lab4_template.lst



ARM Macro Assembler    Page 8 


 lab4_template.s



ARM Macro Assembler    Page 1 Alphabetic symbol ordering
Relocatable symbols

DELAY 000000EC

Symbol: DELAY
   Definitions
      At line 142 in file lab4_template.s
   Uses
      At line 56 in file lab4_template.s
      At line 62 in file lab4_template.s
      At line 93 in file lab4_template.s
      At line 211 in file lab4_template.s
      At line 219 in file lab4_template.s

DISPLAY_NUM 00000106

Symbol: DISPLAY_NUM
   Definitions
      At line 179 in file lab4_template.s
   Uses
      At line 104 in file lab4_template.s
Comment: DISPLAY_NUM used once
HIGH 00000084

Symbol: HIGH
   Definitions
      At line 85 in file lab4_template.s
   Uses
      At line 101 in file lab4_template.s
Comment: HIGH used once
LOOP 00000018

Symbol: LOOP
   Definitions
      At line 43 in file lab4_template.s
   Uses
      At line 106 in file lab4_template.s
Comment: LOOP used once
MULTIPLEDELAY 000000FC

Symbol: MULTIPLEDELAY
   Definitions
      At line 151 in file lab4_template.s
   Uses
      At line 156 in file lab4_template.s
Comment: MULTIPLEDELAY used once
My_code 00000000

Symbol: My_code
   Definitions
      At line 10 in file lab4_template.s
   Uses
      None
Comment: My_code unused
OUTERDELAY 000000EE

Symbol: OUTERDELAY
   Definitions
      At line 144 in file lab4_template.s
   Uses
      At line 161 in file lab4_template.s



ARM Macro Assembler    Page 2 Alphabetic symbol ordering
Relocatable symbols

Comment: OUTERDELAY used once
OnOffDelay 00000090

Symbol: OnOffDelay
   Definitions
      At line 91 in file lab4_template.s
   Uses
      At line 95 in file lab4_template.s
Comment: OnOffDelay used once
OnOffLoop 00000030

Symbol: OnOffLoop
   Definitions
      At line 55 in file lab4_template.s
   Uses
      At line 68 in file lab4_template.s
Comment: OnOffLoop used once
RNG 000000B4

Symbol: RNG
   Definitions
      At line 122 in file lab4_template.s
   Uses
      At line 43 in file lab4_template.s
Comment: RNG used once
__MAIN 00000000

Symbol: __MAIN
   Definitions
      At line 16 in file lab4_template.s
   Uses
      At line 11 in file lab4_template.s
Comment: __MAIN used once
exitDelay 00000104

Symbol: exitDelay
   Definitions
      At line 163 in file lab4_template.s
   Uses
      At line 146 in file lab4_template.s
Comment: exitDelay used once
exitDisplay 00000168

Symbol: exitDisplay
   Definitions
      At line 223 in file lab4_template.s
   Uses
      None
Comment: exitDisplay unused
loopDisplay 0000010A

Symbol: loopDisplay
   Definitions
      At line 181 in file lab4_template.s
   Uses
      At line 214 in file lab4_template.s
Comment: loopDisplay used once
loopDisplaySTART 00000108




ARM Macro Assembler    Page 3 Alphabetic symbol ordering
Relocatable symbols

Symbol: loopDisplaySTART
   Definitions
      At line 180 in file lab4_template.s
   Uses
      None
Comment: loopDisplaySTART unused
15 symbols



ARM Macro Assembler    Page 1 Alphabetic symbol ordering
Absolute symbols

FIO1CLR 2009C03C

Symbol: FIO1CLR
   Definitions
      At line 241 in file lab4_template.s
   Uses
      None
Comment: FIO1CLR unused
FIO1DIR 2009C020

Symbol: FIO1DIR
   Definitions
      At line 237 in file lab4_template.s
   Uses
      None
Comment: FIO1DIR unused
FIO1SET 2009C038

Symbol: FIO1SET
   Definitions
      At line 239 in file lab4_template.s
   Uses
      None
Comment: FIO1SET unused
FIO2CLR 2009C05C

Symbol: FIO2CLR
   Definitions
      At line 242 in file lab4_template.s
   Uses
      None
Comment: FIO2CLR unused
FIO2DIR 2009C040

Symbol: FIO2DIR
   Definitions
      At line 238 in file lab4_template.s
   Uses
      None
Comment: FIO2DIR unused
FIO2SET 2009C058

Symbol: FIO2SET
   Definitions
      At line 240 in file lab4_template.s
   Uses
      None
Comment: FIO2SET unused
IO2IntClr 400280AC

Symbol: IO2IntClr
   Definitions
      At line 246 in file lab4_template.s
   Uses
      None
Comment: IO2IntClr unused
IO2IntEnf 400280B4

Symbol: IO2IntEnf



ARM Macro Assembler    Page 2 Alphabetic symbol ordering
Absolute symbols

   Definitions
      At line 243 in file lab4_template.s
   Uses
      At line 33 in file lab4_template.s
Comment: IO2IntEnf used once
ISER0 E000E100

Symbol: ISER0
   Definitions
      At line 244 in file lab4_template.s
   Uses
      At line 29 in file lab4_template.s
Comment: ISER0 used once
LED_BASE_ADR 2009C000

Symbol: LED_BASE_ADR
   Definitions
      At line 234 in file lab4_template.s
   Uses
      None
Comment: LED_BASE_ADR unused
PINSEL3 4002C00C

Symbol: PINSEL3
   Definitions
      At line 235 in file lab4_template.s
   Uses
      None
Comment: PINSEL3 unused
PINSEL4 4002C010

Symbol: PINSEL4
   Definitions
      At line 236 in file lab4_template.s
   Uses
      None
Comment: PINSEL4 unused
12 symbols
359 symbols in table
